// Jest Snapshot v1, https://goo.gl/fbAQLP

exports[`Models Schema should hoist oneOfs when mergin allOf 1`] = `
Object {
  "oneOf": Array [
    Object {
      "oneOf": Array [
        Object {
          "allOf": undefined,
          "parentRefs": Array [],
          "properties": Object {
            "extra": Object {
              "type": "string",
            },
            "password": Object {
              "description": "The user's password",
              "type": "string",
            },
            "username": Object {
              "description": "The user's name",
              "type": "string",
            },
          },
          "title": undefined,
        },
        Object {
          "allOf": undefined,
          "parentRefs": Array [],
          "properties": Object {
            "extra": Object {
              "type": "string",
            },
            "mobile": Object {
              "description": "The user's mobile",
              "type": "string",
            },
            "username": Object {
              "description": "The user's name",
              "type": "string",
            },
          },
          "title": undefined,
        },
      ],
    },
    Object {
      "oneOf": Array [
        Object {
          "allOf": undefined,
          "parentRefs": Array [],
          "properties": Object {
            "email": Object {
              "description": "The user's email",
              "type": "string",
            },
            "extra": Object {
              "type": "string",
            },
            "password": Object {
              "description": "The user's password",
              "type": "string",
            },
          },
          "title": undefined,
        },
        Object {
          "allOf": undefined,
          "parentRefs": Array [],
          "properties": Object {
            "email": Object {
              "description": "The user's email",
              "type": "string",
            },
            "extra": Object {
              "type": "string",
            },
            "mobile": Object {
              "description": "The user's mobile",
              "type": "string",
            },
          },
          "title": undefined,
        },
      ],
    },
  ],
}
`;

exports[`Models Schema should override description from $ref of the referenced component, when sibling description exists  1`] = `
Object {
  "description": "Overriden description",
  "type": "object",
}
`;
