// Jest Snapshot v1, https://goo.gl/fbAQLP

exports[`SecurityRequirement should render SecurityDefs 1`] = `
"<div id=\\"section/Authentication/petstore_auth\\" data-section-id=\\"section/Authentication/petstore_auth\\" class=\\"sc-eCApnc jlMQbh\\"><div class=\\"sc-iCoGMd gLxhOh\\"><div class=\\"sc-hKFxyN juinod\\"><h2 class=\\"sc-pNWdM eftmgB\\">petstore_auth</h2><div class=\\"sc-iJCRrE sc-ciSkZP jCdxGr QGruV\\"><p>Get access to data while protecting your account credentials.
OAuth2 is also a safer and more secure way to give you access.</p>
</div><div class=\\"sc-eEVmNe lmbHgE\\"><div class=\\"sc-jXcxbT gllWlr\\"><b>Security Scheme Type: </b><span>OAuth2</span></div><div class=\\"sc-iJCRrE sc-ciSkZP jCdxGr QGruV\\"><div class=\\"sc-jXcxbT gllWlr\\"><b>Flow type: </b><code>implicit </code></div><div class=\\"sc-jXcxbT gllWlr\\"><strong> Authorization URL: </strong><code><a target=\\"_blank\\" rel=\\"noopener noreferrer\\" href=\\"http://petstore.swagger.io/api/oauth/dialog\\">http://petstore.swagger.io/api/oauth/dialog</a></code></div><div class=\\"sc-jXcxbT gllWlr\\"><b> Scopes: </b></div><div class=\\"sc-fmdNqN eKoRDV container\\" style=\\"height: 4em;\\"><ul><li><code>write:pets</code> - <span class=\\"sc-carFqZ bmTzxo redoc-markdown\\"><p>modify pets in your account</p>
</span></li><li><code>read:pets</code> - <span class=\\"sc-carFqZ bmTzxo redoc-markdown\\"><p>read your pets</p>
</span></li></ul></div><div class=\\"sc-ljsmAU blhEdv\\"></div></div></div></div></div></div><div id=\\"section/Authentication/GitLab_PersonalAccessToken\\" data-section-id=\\"section/Authentication/GitLab_PersonalAccessToken\\" class=\\"sc-eCApnc jlMQbh\\"><div class=\\"sc-iCoGMd gLxhOh\\"><div class=\\"sc-hKFxyN juinod\\"><h2 class=\\"sc-pNWdM eftmgB\\">GitLab_PersonalAccessToken</h2><div class=\\"sc-iJCRrE sc-ciSkZP jCdxGr QGruV\\"><p>GitLab Personal Access Token description</p>
</div><div class=\\"sc-eEVmNe lmbHgE\\"><div class=\\"sc-jXcxbT gllWlr\\"><b>Security Scheme Type: </b><span>API Key</span></div><div class=\\"sc-iJCRrE sc-ciSkZP jCdxGr QGruV\\"><div class=\\"sc-jXcxbT gllWlr\\"><b>Header parameter name: </b><code>PRIVATE-TOKEN</code></div></div></div></div></div></div><div id=\\"section/Authentication/GitLab_OpenIdConnect\\" data-section-id=\\"section/Authentication/GitLab_OpenIdConnect\\" class=\\"sc-eCApnc jlMQbh\\"><div class=\\"sc-iCoGMd gLxhOh\\"><div class=\\"sc-hKFxyN juinod\\"><h2 class=\\"sc-pNWdM eftmgB\\">GitLab_OpenIdConnect</h2><div class=\\"sc-iJCRrE sc-ciSkZP jCdxGr QGruV\\"><p>GitLab OpenIdConnect description</p>
</div><div class=\\"sc-eEVmNe lmbHgE\\"><div class=\\"sc-jXcxbT gllWlr\\"><b>Security Scheme Type: </b><span>OpenID Connect</span></div><div class=\\"sc-iJCRrE sc-ciSkZP jCdxGr QGruV\\"><div class=\\"sc-jXcxbT gllWlr\\"><b>Connect URL: </b><code><a target=\\"_blank\\" rel=\\"noopener noreferrer\\" href=\\"https://gitlab.com/.well-known/openid-configuration\\">https://gitlab.com/.well-known/openid-configuration</a></code></div></div></div></div></div></div><div id=\\"section/Authentication/basicAuth\\" data-section-id=\\"section/Authentication/basicAuth\\" class=\\"sc-eCApnc jlMQbh\\"><div class=\\"sc-iCoGMd gLxhOh\\"><div class=\\"sc-hKFxyN juinod\\"><h2 class=\\"sc-pNWdM eftmgB\\">basicAuth</h2><div class=\\"sc-iJCRrE sc-ciSkZP jCdxGr QGruV\\"></div><div class=\\"sc-eEVmNe lmbHgE\\"><div class=\\"sc-jXcxbT gllWlr\\"><b>Security Scheme Type: </b><span>HTTP</span></div><div class=\\"sc-iJCRrE sc-ciSkZP jCdxGr QGruV\\"><div class=\\"sc-jXcxbT gllWlr\\"><b>HTTP Authorization Scheme: </b><code>basic</code></div><div class=\\"sc-jXcxbT gllWlr\\"></div></div></div></div></div></div>"
`;

exports[`SecurityRequirement should render authDefinition 1`] = `"<div class=\\"sc-EZqKI eriJMk\\"><div class=\\"sc-jHcXXw kurgNF\\"><h5 class=\\"sc-iqAclL sc-fXgAZx eONCmm xiVXt\\">Authorizations:</h5><svg class=\\"sc-dIsUp iPqByX\\" version=\\"1.1\\" viewBox=\\"0 0 24 24\\" x=\\"0\\" xmlns=\\"http://www.w3.org/2000/svg\\" y=\\"0\\" aria-hidden=\\"true\\"><polygon points=\\"17.3 8.3 12 13.6 6.7 8.3 5.3 9.7 12 16.4 18.7 9.7 \\"></polygon></svg></div><div class=\\"sc-bQCEYZ cCwYjG\\"><span class=\\"sc-dWBRfb hoKBYz\\">(<span class=\\"sc-xGAEC bCFTJj\\">API Key: <i>GitLab_PersonalAccessToken</i></span><span class=\\"sc-xGAEC bCFTJj\\">OpenID Connect: <i>GitLab_OpenIdConnect</i></span><span class=\\"sc-xGAEC bCFTJj\\">HTTP: <i>basicAuth</i></span>) </span><span class=\\"sc-dWBRfb hoKBYz\\"><span class=\\"sc-xGAEC bCFTJj\\">OAuth2: <i>petstore_auth</i></span></span></div></div>,"`;

exports[`SecurityRequirement should render authDefinition 2`] = `
"<div class=\\"sc-EZqKI hSmRqE\\"><div class=\\"sc-jHcXXw kurgNF\\"><h5 class=\\"sc-iqAclL sc-fXgAZx eONCmm xiVXt\\">Authorizations:</h5><svg class=\\"sc-dIsUp fVWtGJ\\" version=\\"1.1\\" viewBox=\\"0 0 24 24\\" x=\\"0\\" xmlns=\\"http://www.w3.org/2000/svg\\" y=\\"0\\" aria-hidden=\\"true\\"><polygon points=\\"17.3 8.3 12 13.6 6.7 8.3 5.3 9.7 12 16.4 18.7 9.7 \\"></polygon></svg></div><div class=\\"sc-bQCEYZ gvMhNy\\"><span class=\\"sc-dWBRfb eLEzSd\\">(<span class=\\"sc-xGAEC bCFTJj\\">API Key: <i>GitLab_PersonalAccessToken</i></span><span class=\\"sc-xGAEC bCFTJj\\">OpenID Connect: <i>GitLab_OpenIdConnect</i></span><span class=\\"sc-xGAEC bCFTJj\\">HTTP: <i>basicAuth</i></span>) </span><span class=\\"sc-dWBRfb eLEzSd\\"><span class=\\"sc-xGAEC bCFTJj\\">OAuth2: <i>petstore_auth</i> (<code class=\\"sc-kYPZxB beMTTe\\">write:pets</code><code class=\\"sc-kYPZxB beMTTe\\">read:pets</code>) </span></span></div></div><div class=\\"sc-eEVmNe lmbHgE\\"><h5><svg xmlns=\\"http://www.w3.org/2000/svg\\" viewBox=\\"0 0 24 24\\" width=\\"11\\" height=\\"11\\"><path fill=\\"currentColor\\" d=\\"M18 10V6A6 6 0 0 0 6 6v4H3v14h18V10h-3zM8 6c0-2.206 1.794-4 4-4s4 1.794 4 4v4H8V6zm11 16H5V12h14v10z\\"></path></svg> OAuth2: petstore_auth</h5><div class=\\"sc-iJCRrE sc-ciSkZP jCdxGr QGruV\\"><p>Get access to data while protecting your account credentials.
OAuth2 is also a safer and more secure way to give you access.</p>
</div><div class=\\"sc-iJCRrE sc-ciSkZP jCdxGr QGruV\\"><div class=\\"sc-jXcxbT gllWlr\\"><b>Flow type: </b><code>implicit </code></div><div class=\\"sc-jXcxbT gllWlr\\"><strong> Authorization URL: </strong><code><a target=\\"_blank\\" rel=\\"noopener noreferrer\\" href=\\"http://petstore.swagger.io/api/oauth/dialog\\">http://petstore.swagger.io/api/oauth/dialog</a></code></div><div><b>Required scopes: </b><code>write:pets</code> <code>read:pets</code> </div><div class=\\"sc-jXcxbT gllWlr\\"><b> Scopes: </b></div><div class=\\"sc-fmdNqN eKoRDV container\\" style=\\"height: 4em;\\"><ul><li><code>write:pets</code> - <span class=\\"sc-carFqZ bmTzxo redoc-markdown\\"><p>modify pets in your account</p>
</span></li><li><code>read:pets</code> - <span class=\\"sc-carFqZ bmTzxo redoc-markdown\\"><p>read your pets</p>
</span></li></ul></div><div class=\\"sc-ljsmAU blhEdv\\"></div></div></div><div class=\\"sc-eEVmNe lmbHgE\\"><h5><svg xmlns=\\"http://www.w3.org/2000/svg\\" viewBox=\\"0 0 24 24\\" width=\\"11\\" height=\\"11\\"><path fill=\\"currentColor\\" d=\\"M18 10V6A6 6 0 0 0 6 6v4H3v14h18V10h-3zM8 6c0-2.206 1.794-4 4-4s4 1.794 4 4v4H8V6zm11 16H5V12h14v10z\\"></path></svg> API Key: GitLab_PersonalAccessToken</h5><div class=\\"sc-iJCRrE sc-ciSkZP jCdxGr QGruV\\"><p>GitLab Personal Access Token description</p>
</div><div class=\\"sc-iJCRrE sc-ciSkZP jCdxGr QGruV\\"><div class=\\"sc-jXcxbT gllWlr\\"><b>Header parameter name: </b><code>PRIVATE-TOKEN</code></div></div></div><div class=\\"sc-eEVmNe lmbHgE\\"><h5><svg xmlns=\\"http://www.w3.org/2000/svg\\" viewBox=\\"0 0 24 24\\" width=\\"11\\" height=\\"11\\"><path fill=\\"currentColor\\" d=\\"M18 10V6A6 6 0 0 0 6 6v4H3v14h18V10h-3zM8 6c0-2.206 1.794-4 4-4s4 1.794 4 4v4H8V6zm11 16H5V12h14v10z\\"></path></svg> OpenID Connect: GitLab_OpenIdConnect</h5><div class=\\"sc-iJCRrE sc-ciSkZP jCdxGr QGruV\\"><p>GitLab OpenIdConnect description</p>
</div><div class=\\"sc-iJCRrE sc-ciSkZP jCdxGr QGruV\\"><div class=\\"sc-jXcxbT gllWlr\\"><b>Connect URL: </b><code><a target=\\"_blank\\" rel=\\"noopener noreferrer\\" href=\\"https://gitlab.com/.well-known/openid-configuration\\">https://gitlab.com/.well-known/openid-configuration</a></code></div></div></div><div class=\\"sc-eEVmNe lmbHgE\\"><h5><svg xmlns=\\"http://www.w3.org/2000/svg\\" viewBox=\\"0 0 24 24\\" width=\\"11\\" height=\\"11\\"><path fill=\\"currentColor\\" d=\\"M18 10V6A6 6 0 0 0 6 6v4H3v14h18V10h-3zM8 6c0-2.206 1.794-4 4-4s4 1.794 4 4v4H8V6zm11 16H5V12h14v10z\\"></path></svg> HTTP: basicAuth</h5><div class=\\"sc-iJCRrE sc-ciSkZP jCdxGr QGruV\\"></div><div class=\\"sc-iJCRrE sc-ciSkZP jCdxGr QGruV\\"><div class=\\"sc-jXcxbT gllWlr\\"><b>HTTP Authorization Scheme: </b><code>basic</code></div><div class=\\"sc-jXcxbT gllWlr\\"></div></div></div>,"
`;
